Rétro            Tetris                           Gregor Quendel             Tetris Theme / Korobeiniki
Rétro            Pac-Man                          8-Bit Arcade               Pac-Man
Rétro            Super Mario Bros.                Orchestre Philharmonique   Super Mario Bros: Theme
Rétro            Sonic the Hedgehog               Qumu                       Green Hill Zone
Rétro            Street Fighter II                Arcade Player              Guile Theme
Rétro            Castlevania                      Castlevania Sound Team     Vampire Killer
Rétro            Mega Man 2                       Alala                      Mega Man 2: Dr Wily Stage
Rétro            Donkey Kong Country              Claire Waluch              Aquatic Ambiance
Rétro            Contra                           Game & Sound               Contra - Jungle Theme
Rétro            Double Dragon                    Electric Wendigo           Double Dragon Theme
Rétro            Metroid                          Theme Mania                Theme from Metroid
Rétro            Zelda: A Link to the Past        daigoro789                 Hyrule Castle Theme
Nintendo         Zelda: Ocarina of Time           Alala                      Song of Storms
Nintendo         Super Mario 64                   Super Mario 64 & GMB Sou   Bob-Omb Battlefield
Nintendo         Mario Kart                       The Greatest Bits          Rainbow Road
Nintendo         Pokémon Rouge et Bleu            Pokémon, Cam Steady & To   Good Game
Nintendo         Zelda: Breath of the Wild        Masters of Sound           Main Theme
Nintendo         Super Smash Bros.                Powerglove                 Super Smash Bros. Melee Theme
Nintendo         Animal Crossing                  Music Lab Collective       Animal Crossing Theme
Nintendo         Kirby                            Game & Sound               Kirby - Green Greens
Nintendo         Super Mario Galaxy               Orchestre Philharmonique   Super Mario Galaxy: Gusty Gard
Nintendo         Zelda: Majora's Mask             Henriko Magnifico          Clock Town
Nintendo         Splatoon                         NateWantsToBattle          Splattack
Nintendo         Wii Sports                       The Greatest Bits          Wii Sports Theme
RPG & aventure   Final Fantasy VII                Nobuo Uematsu              One-Winged Angel
RPG & aventure   Chrono Trigger                   Yasunori Mitsuda           Corridors of Time
RPG & aventure   Undertale                        VaVa & Toby Fox            MEGALOVANIA Remixed by VaVa
RPG & aventure   Skyrim                           Jeremy Soule               Dragonborn
RPG & aventure   The Witcher 3                    Percival & Marcin Przyby   Silver For Monsters...
RPG & aventure   Persona 5                        Lyn                        Last Surprise
RPG & aventure   Kingdom Hearts                   Hikaru Utada               SIMPLE AND CLEAN
RPG & aventure   NieR: Automata                   Keiichi Okabe & ZANIO      Weight of the World Arranged b
RPG & aventure   Final Fantasy X                  Nobuo Uematsu              Zanarkand
RPG & aventure   Dark Souls                       Motoi Sakuraba             Gwyn, Lord of Cinder
RPG & aventure   Elden Ring                       Diego Mitre                Elden Ring Main Theme
RPG & aventure   Bloodborne                       Yuka Kitamura & SIE Soun   Lady Maria of the Astral Clock
RPG & aventure   Mass Effect                      Jack Wall                  Suicide Mission
RPG & aventure   Dragon Quest                     daigoro789                 Overture
Action & tir     Doom                             Mick Gordon                At Doom's Gate
Action & tir     Halo                             Martin O'Donnell & Micha   Halo Theme Mjolnir Mix
Action & tir     Call of Duty                     Hans Zimmer                Opening Titles
Action & tir     Metal Gear Solid                 Cynthia Harrell            Snake Eater
Action & tir     Portal                           Aperture Science Psychoa   Still Alive
Action & tir     Half-Life                        Coldplay                   Adventure of a Lifetime
Action & tir     Resident Evil                    daigoro789                 Resident Evil Code Veronica X,
Action & tir     Silent Hill                      Akira Yamaoka              Promise
Action & tir     Bioshock                         Frank & Zach Piano Duets   Welcome to Rapture
Action & tir     Tomb Raider                      Nathan McCree              Tomb Raider 2 Theme
Action & tir     Devil May Cry                    Capcom Sound Team          "DEVILS NEVER CRY"
Action & tir     Overwatch                        Patrik Pietschmann         Overwatch Main Theme
Action & tir     Counter-Strike                   Adel Rouhnavaz             Counter Strike Global Offensiv
Monde ouvert     Grand Theft Auto: San Andreas    Ivan Cairo                 GTA San Andreas Theme
Monde ouvert     Red Dead Redemption 2            Daniel Lanois              Red
Monde ouvert     Assassin's Creed II              Jesper Kyd                 Ezio's Family
Monde ouvert     Cyberpunk 2077                   P.T. Adamczyk              The Rebel Path
Monde ouvert     The Last of Us                   Gustavo Santaolalla        The Last of Us
Monde ouvert     God of War                       Bear McCreary              Memories of Mother
Monde ouvert     Uncharted                        Greg Edmonson              Nate's Theme
Monde ouvert     Horizon Zero Dawn                Joris de Man               Aloy's Theme
Monde ouvert     Ghost of Tsushima                Ilan Eshkeri               The Way of the Ghost
Monde ouvert     Death Stranding                  Ludvig Forssell & Jenny    BB's Theme
Monde ouvert     Far Cry 3                        RMaster                    Far Cry 3 Main Theme
Monde ouvert     Watch Dogs                       Travis Scott               BUTTERFLY EFFECT
Indé             Minecraft                        C418                       Sweden
Indé             Hollow Knight                    Christopher Larkin         Hollow Knight
Indé             Celeste                          Lena Raine                 Resurrections
Indé             Journey                          Austin Wintory             I Was Born for This
Indé             Stardew Valley                   ConcernedApe               Stardew Valley Overture
Indé             Cuphead                          Kristofer Maddigan         Floral Fury
Indé             Hades                            Darren Korb                Good Riddance
Indé             Terraria                         Re-Logic                   Overworld Day
Indé             Ori and the Blind Forest         Gareth Coker               Light of Nibel
Indé             Limbo                            Martin Stig Andersen       Menu
Indé             Braid                            Shira Kammen               Downstream
Indé             Katamari Damacy                  Saki Kabata, Katamari Da   Lonely Rolling Star
Course & sport   Gran Turismo                     Bring Me The Horizon       Moon Over the Castle
Course & sport   Need for Speed: Underground      Snoop Dogg                 Riders On the Storm
Course & sport   Tony Hawk's Pro Skater           Goldfinger                 Superman
Course & sport   FIFA                             Jóhann Jóhannsson          Theme
Course & sport   Rocket League                    Hollywood Principle        Firework
Course & sport   Trackmania                       H-Pi                       Trackmania Main Title
Course & sport   Crash Team Racing                Retro Crowd                Crash Team Racing Theme
Course & sport   Burnout Paradise                 Bonce'N Beatz              Burnout Paradise
83 jeux
